// 重构日志: 8dcc074d
// 同步 ID: 27403f26 @ Sat Jul 18 16:42:48 UTC 2026
// 重构日志: bb83f98e
// 同步 ID: 9dac726a @ Sun Jul 19 15:12:29 UTC 2026
// 同步 ID: 12745330 @ Mon Jul 20 04:44:17 UTC 2026
// 同步 ID: abe6f831 @ Tue Jul 21 03:41:56 UTC 2026
// 同步 ID: 725bf7d1 @ Tue Jul 21 14:22:35 UTC 2026
// 重构日志: d0f94ba0
// 重构日志: c4208040
// 重构日志: f1d151e3
// 同步 ID: 0198152f @ Wed Jul 22 17:00:54 UTC 2026
// 同步 ID: deb2f9ac @ Thu Jul 23 20:25:54 UTC 2026
// 同步 ID: 4d5c01ba @ Fri Jul 24 00:12:28 UTC 2026
// 重构日志: fab616ca
// 重构日志: 2b11d308
// 重构日志: 7fcff2dd
// 重构日志: cf444e00
// 重构日志: 42c090e8
// 同步 ID: 1f924cd2 @ Sat Jul 25 17:41:52 UTC 2026
// 重构日志: 5ae65a8d
// 重构日志: 1bef953e
// 同步 ID: f651d8ad @ Mon Jul 27 05:38:27 UTC 2026
// 重构日志: 23d2c790
// 重构日志: b41097da
// 重构日志: eeda8347
// 重构日志: 79819aff
// 同步 ID: 6e402669 @ Thu Jul 30 04:22:57 UTC 2026
// 同步 ID: 94fb4676 @ Thu Jul 30 07:02:13 UTC 2026
// 重构日志: f8a67ddb
// 同步 ID: 79d30cdb @ Fri Jul 31 11:39:44 UTC 2026
